  200/5535 tickers traites...
  400/5535 tickers traites...
  600/5535 tickers traites...
  800/5535 tickers traites...
HTTP Error 401: {"finance":{"result":null,"error":{"code":"Unauthorized","description":"Invalid Crumb"}}}
HTTP Error 401: {"finance":{"result":null,"error":{"code":"Unauthorized","description":"Invalid Crumb"}}}
HTTP Error 401: {"finance":{"result":null,"error":{"code":"Unauthorized","description":"User is unable to access this feature - https://bit.ly/yahoo-finance-api-feedback"}}}
  1000/5535 tickers traites...
HTTP Error 401: {"finance":{"result":null,"error":{"code":"Unauthorized","description":"Invalid Crumb"}}}
  1200/5535 tickers traites...
HTTP Error 401: {"finance":{"result":null,"error":{"code":"Unauthorized","description":"Invalid Crumb"}}}
HTTP Error 401: {"finance":{"result":null,"error":{"code":"Unauthorized","description":"Invalid Crumb"}}}
HTTP Error 401: {"finance":{"result":null,"error":{"code":"Unauthorized","description":"Invalid Crumb"}}}
HTTP Error 401: {"finance":{"result":null,"error":{"code":"Unauthorized","description":"Invalid Crumb"}}}
HTTP Error 401: {"finance":{"result":null,"error":{"code":"Unauthorized","description":"Invalid Crumb"}}}
  1400/5535 tickers traites...
HTTP Error 401: {"finance":{"result":null,"error":{"code":"Unauthorized","description":"Invalid Crumb"}}}
  1600/5535 tickers traites...
HTTP Error 401: {"finance":{"result":null,"error":{"code":"Unauthorized","description":"Invalid Crumb"}}}
HTTP Error 401: {"finance":{"result":null,"error":{"code":"Unauthorized","description":"Invalid Crumb"}}}
HTTP Error 401: {"finance":{"result":null,"error":{"code":"Unauthorized","description":"Invalid Crumb"}}}
HTTP Error 401: {"finance":{"result":null,"error":{"code":"Unauthorized","description":"Invalid Crumb"}}}
HTTP Error 401: {"finance":{"result":null,"error":{"code":"Unauthorized","description":"Invalid Crumb"}}}
HTTP Error 401: {"finance":{"result":null,"error":{"code":"Unauthorized","description":"Invalid Crumb"}}}
HTTP Error 401: {"finance":{"result":null,"error":{"code":"Unauthorized","description":"Invalid Crumb"}}}
HTTP Error 401: {"finance":{"result":null,"error":{"code":"Unauthorized","description":"User is unable to access this feature - https://bit.ly/yahoo-finance-api-feedback"}}}
HTTP Error 401: {"finance":{"result":null,"error":{"code":"Unauthorized","description":"Invalid Crumb"}}}
HTTP Error 401: {"finance":{"result":null,"error":{"code":"Unauthorized","description":"User is unable to access this feature - https://bit.ly/yahoo-finance-api-feedback"}}}
HTTP Error 401: {"finance":{"result":null,"error":{"code":"Unauthorized","description":"Invalid Crumb"}}}
HTTP Error 401: {"finance":{"result":null,"error":{"code":"Unauthorized","description":"Invalid Crumb"}}}
HTTP Error 401: {"finance":{"result":null,"error":{"code":"Unauthorized","description":"Invalid Crumb"}}}
HTTP Error 401: {"finance":{"result":null,"error":{"code":"Unauthorized","description":"User is unable to access this feature - https://bit.ly/yahoo-finance-api-feedback"}}}
HTTP Error 401: {"finance":{"result":null,"error":{"code":"Unauthorized","description":"User is unable to access this feature - https://bit.ly/yahoo-finance-api-feedback"}}}
HTTP Error 401: {"finance":{"result":null,"error":{"code":"Unauthorized","description":"Invalid Crumb"}}}
HTTP Error 401: {"finance":{"result":null,"error":{"code":"Unauthorized","description":"Invalid Crumb"}}}
HTTP Error 401: {"finance":{"result":null,"error":{"code":"Unauthorized","description":"User is unable to access this feature - https://bit.ly/yahoo-finance-api-feedback"}}}
HTTP Error 401: {"finance":{"result":null,"error":{"code":"Unauthorized","description":"User is unable to access this feature - https://bit.ly/yahoo-finance-api-feedback"}}}
HTTP Error 401: {"finance":{"result":null,"error":{"code":"Unauthorized","description":"User is unable to access this feature - https://bit.ly/yahoo-finance-api-feedback"}}}
  1800/5535 tickers traites...
HTTP Error 401: {"finance":{"result":null,"error":{"code":"Unauthorized","description":"Invalid Crumb"}}}
HTTP Error 401: {"finance":{"result":null,"error":{"code":"Unauthorized","description":"Invalid Crumb"}}}
HTTP Error 401: {"finance":{"result":null,"error":{"code":"Unauthorized","description":"Invalid Crumb"}}}
HTTP Error 401: {"finance":{"result":null,"error":{"code":"Unauthorized","description":"Invalid Crumb"}}}
HTTP Error 401: {"finance":{"result":null,"error":{"code":"Unauthorized","description":"Invalid Crumb"}}}
HTTP Error 401: {"finance":{"result":null,"error":{"code":"Unauthorized","description":"Invalid Crumb"}}}
HTTP Error 401: {"finance":{"result":null,"error":{"code":"Unauthorized","description":"Invalid Crumb"}}}
  2000/5535 tickers traites...
HTTP Error 401: {"finance":{"result":null,"error":{"code":"Unauthorized","description":"Invalid Crumb"}}}
  2200/5535 tickers traites...
HTTP Error 401: {"finance":{"result":null,"error":{"code":"Unauthorized","description":"Invalid Crumb"}}}
  2400/5535 tickers traites...
  2600/5535 tickers traites...
  2800/5535 tickers traites...
HTTP Error 401: {"finance":{"result":null,"error":{"code":"Unauthorized","description":"Invalid Crumb"}}}
  3000/5535 tickers traites...
HTTP Error 401: {"finance":{"result":null,"error":{"code":"Unauthorized","description":"Invalid Crumb"}}}
HTTP Error 401: {"finance":{"result":null,"error":{"code":"Unauthorized","description":"Invalid Crumb"}}}
HTTP Error 401: {"finance":{"result":null,"error":{"code":"Unauthorized","description":"User is unable to access this feature - https://bit.ly/yahoo-finance-api-feedback"}}}
HTTP Error 401: {"finance":{"result":null,"error":{"code":"Unauthorized","description":"User is unable to access this feature - https://bit.ly/yahoo-finance-api-feedback"}}}
  3200/5535 tickers traites...
HTTP Error 401: {"finance":{"result":null,"error":{"code":"Unauthorized","description":"Invalid Crumb"}}}
HTTP Error 401: {"finance":{"result":null,"error":{"code":"Unauthorized","description":"Invalid Crumb"}}}
  3400/5535 tickers traites...
HTTP Error 401: {"finance":{"result":null,"error":{"code":"Unauthorized","description":"Invalid Crumb"}}}
  3600/5535 tickers traites...
HTTP Error 401: {"finance":{"result":null,"error":{"code":"Unauthorized","description":"Invalid Crumb"}}}
HTTP Error 401: {"finance":{"result":null,"error":{"code":"Unauthorized","description":"Invalid Crumb"}}}
HTTP Error 401: {"finance":{"result":null,"error":{"code":"Unauthorized","description":"Invalid Crumb"}}}
HTTP Error 401: {"finance":{"result":null,"error":{"code":"Unauthorized","description":"Invalid Crumb"}}}
HTTP Error 401: {"finance":{"result":null,"error":{"code":"Unauthorized","description":"Invalid Crumb"}}}
HTTP Error 401: {"finance":{"result":null,"error":{"code":"Unauthorized","description":"User is unable to access this feature - https://bit.ly/yahoo-finance-api-feedback"}}}
  3800/5535 tickers traites...
  4000/5535 tickers traites...
  4200/5535 tickers traites...
  4400/5535 tickers traites...
HTTP Error 401: {"finance":{"result":null,"error":{"code":"Unauthorized","description":"Invalid Crumb"}}}
  4600/5535 tickers traites...
HTTP Error 401: {"finance":{"result":null,"error":{"code":"Unauthorized","description":"Invalid Crumb"}}}
  4800/5535 tickers traites...
  5000/5535 tickers traites...
  5200/5535 tickers traites...
HTTP Error 401: {"finance":{"result":null,"error":{"code":"Unauthorized","description":"Invalid Crumb"}}}
HTTP Error 401: {"finance":{"result":null,"error":{"code":"Unauthorized","description":"Invalid Crumb"}}}
HTTP Error 401: {"finance":{"result":null,"error":{"code":"Unauthorized","description":"Invalid Crumb"}}}
HTTP Error 401: {"finance":{"result":null,"error":{"code":"Unauthorized","description":"Invalid Crumb"}}}
HTTP Error 401: {"finance":{"result":null,"error":{"code":"Unauthorized","description":"Invalid Crumb"}}}
HTTP Error 401: {"finance":{"result":null,"error":{"code":"Unauthorized","description":"Invalid Crumb"}}}
HTTP Error 401: {"finance":{"result":null,"error":{"code":"Unauthorized","description":"Invalid Crumb"}}}
HTTP Error 401: {"finance":{"result":null,"error":{"code":"Unauthorized","description":"Invalid Crumb"}}}
HTTP Error 401: {"finance":{"result":null,"error":{"code":"Unauthorized","description":"Invalid Crumb"}}}
HTTP Error 401: {"finance":{"result":null,"error":{"code":"Unauthorized","description":"Invalid Crumb"}}}
HTTP Error 401: {"finance":{"result":null,"error":{"code":"Unauthorized","description":"User is unable to access this feature - https://bit.ly/yahoo-finance-api-feedback"}}}
HTTP Error 401: {"finance":{"result":null,"error":{"code":"Unauthorized","description":"User is unable to access this feature - https://bit.ly/yahoo-finance-api-feedback"}}}
HTTP Error 401: {"finance":{"result":null,"error":{"code":"Unauthorized","description":"Invalid Crumb"}}}
  5400/5535 tickers traites...
HTTP Error 401: {"finance":{"result":null,"error":{"code":"Unauthorized","description":"Invalid Crumb"}}}
Recuperation des donnees pour 5535 tickers (univers elargi, ca va prendre plusieurs minutes)...
Termine en 117s
error
Too Many Requests. Rate limited. Try after a while.           4840
cap_trop_petite                                                449
NaN                                                            219
historique_insuffisant                                          14
argument of type 'NoneType' is not a container or iterable      13
Name: count, dtype: int64

=== 42 candidats LONG (sous-evalues de +15% ou plus, filtres dette+secteur OK) ===
ticker                            name             sector  price   pe fair_pe fair_value valuation_gap    roe debt_eq mom_12_2 sector_momentum
   BVC             BitVentures Limited         Technology  10.74  7.4    46.3      67.60       +529.5%  22.8%     NaN +1476.9%          +31.5%
   CHY Calamos Convertible and High In Financial Services  12.93  3.1    18.6      77.79       +501.6%  36.3%     46%   +25.6%          +21.3%
   CHI Calamos Convertible Opportuniti Financial Services  12.87  3.3    18.6      71.84       +458.2%  35.8%     45%   +31.6%          +21.3%
  AMSC American Superconductor Corpora        Industrials  32.90 10.7    52.8     162.18       +392.9%  35.6%      1%   -41.1%          +10.3%
  AUPH     Aurinia Pharmaceuticals Inc         Healthcare  16.13  7.5    36.4      78.72       +388.1%  65.0%     12%   +24.1%          +17.4%
  CHKP Check Point Software Technologi         Technology 125.28 12.8    49.0     477.44       +281.1%  37.6%     72%   -34.2%          +31.5%
  ADBE                      Adobe Inc.         Technology 260.24 14.8    53.0     929.02       +257.0%  63.0%     61%   -29.8%          +31.5%
  AFYA                    Afya Limited Consumer Defensive  13.91  8.4    27.7      45.91       +230.0%  16.8%     67%    -1.8%          +16.5%
  CENX        Century Aluminum Company    Basic Materials  45.95 14.0    41.0     134.88       +193.5%  32.3%     42%  +100.5%          +94.1%
  BLBD           Blue Bird Corporation        Industrials  66.01 18.9    52.8     184.37       +179.3%  54.5%     30%   +27.4%          +10.3%
   ASO Academy Sports and Outdoors, In  Consumer Cyclical  47.35  8.5    23.5     131.82       +178.4%  18.8%     92%   -10.4%           +6.5%
  ACAD     ACADIA Pharmaceuticals Inc.         Healthcare  28.45 12.9    35.0      76.94       +170.4%  35.7%      5%    -0.5%          +17.4%
  ADMA              ADMA Biologics Inc         Healthcare  10.06 13.6    32.8      24.25       +141.0%  43.3%    111%   -51.0%          +17.4%
   APA                 APA Corporation             Energy  36.53  8.1    19.2      86.82       +137.7%  26.2%     61%   +66.3%          +50.6%
   ADP Automatic Data Processing, Inc.         Technology 273.51 24.7    48.6     538.88        +97.0%  72.2%     90%    -9.9%          +31.5%
  ACGL         Arch Capital Group Ltd. Financial Services  99.29  7.8    15.2     195.09        +96.5%  19.9%     18%    +9.8%          +21.3%
  CINF Cincinnati Financial Corporatio Financial Services 179.04  8.4    16.1     343.65        +91.9%  21.5%      5%   +18.3%          +21.3%
  CALM           Cal-Maine Foods, Inc. Consumer Defensive  84.85 12.9    24.3     159.77        +88.3%  12.2%     NaN   -21.9%          +16.5%
  ALRM        Alarm.com Holdings, Inc.         Technology  56.29 23.4    40.0      96.34        +71.1%  14.8%     63%    -6.6%          +31.5%
  CNXN             PC Connection, Inc.         Technology  86.60 22.7    38.0     144.69        +67.1%  10.4%      1%   +31.5%          +31.5%
  CARG                  CarGurus, Inc.  Consumer Cyclical  36.38 19.1    31.4      59.63        +63.9%  58.5%     79%    +4.7%           +6.5%
  ADEA                      Adeia Inc.         Technology  28.31 27.5    44.3      45.63        +61.2%  27.9%     83%   +78.7%          +31.5%
  CDNA                    CareDx, Inc.         Healthcare  44.81 21.9    33.9      69.43        +54.9%  29.5%      5%  +220.0%          +17.4%
   ACT            Enact Holdings, Inc. Financial Services  48.67 10.4    15.9      74.71        +53.5%  12.9%     14%   +27.7%          +21.3%
  AMKR          Amkor Technology, Inc.         Technology  54.16 24.2    36.6      82.08        +51.6%  12.5%     57%  +107.9%          +31.5%
  COLM     Columbia Sportswear Company  Consumer Cyclical  57.28 15.0    22.6      86.40        +50.8%  12.7%     29%    +8.3%           +6.5%
  ANDE             The Andersons, Inc. Consumer Defensive  67.95 13.5    20.0     101.14        +48.8%  12.2%     66%   +75.6%          +16.5%
  AAPL                      Apple Inc.         Technology 312.41 35.7    51.6     451.79        +44.6% 148.8%     78%   +33.4%          +31.5%
   BVS                  Bioventus Inc.         Healthcare  13.98 19.7    28.3      20.13        +44.0%  25.7%     90%   +78.0%          +17.4%
  CHRW   C.H. Robinson Worldwide, Inc.        Industrials 146.66 29.3    41.0     204.84        +39.7%  37.1%    121%   +16.6%          +10.3%
 CENTA    Central Garden & Pet Company Consumer Defensive  40.60 14.0    19.1      55.31        +36.2%  10.8%     86%   +14.8%          +16.5%
  ACIW             ACI Worldwide, Inc.         Technology  55.22 29.2    39.6      74.92        +35.7%  13.8%     57%   +16.2%          +31.5%
  ADSK                  Autodesk, Inc.         Technology 242.47 35.1    46.6     322.26        +32.9%  50.4%     85%   -25.6%          +31.5%
  AMZN                Amazon.com, Inc.  Consumer Cyclical 272.26 21.9    28.9     359.35        +32.0%  30.6%     46%   +18.6%           +6.5%
  ANIP       ANI Pharmaceuticals, Inc.         Healthcare  82.63 20.4    26.5     107.35        +29.9%  18.3%    112%   -15.3%          +17.4%
  CASH        Pathward Financial, Inc. Financial Services  88.63 11.2    14.0     110.93        +25.2%  21.2%     NaN   +11.3%          +21.3%
  ADUS      Addus HomeCare Corporation         Healthcare 118.78 20.4    25.4     147.84        +24.5%   9.7%      9%    +0.3%          +17.4%
   CEG Constellation Energy Corporatio          Utilities 261.10 23.0    28.1     318.53        +22.0%  16.1%     66%   -14.3%           +1.7%
  CENT    Central Garden & Pet Company Consumer Defensive  46.54 16.0    19.1      55.31        +18.9%  10.8%     86%   +18.2%          +16.5%
  CCEP Coca-Cola Europacific Partners  Consumer Defensive 108.25 21.3    25.3     128.64        +18.8%  23.5%    139%   +26.5%          +16.5%
